---
source: src/commands/lifecycle.rs
assertion_line: 1031
expression: table
---
┌──────────┬─────────────┬───────────┬─────────┬──────────┬──────────┐
│ ID       ┆ NAME        ┆ TYPE      ┆ ENABLED ┆ PRIORITY ┆ LAST RUN │
╞══════════╪═════════════╪═══════════╪═════════╪══════════╪══════════╡
│ 00000000 ┆ cleanup-old ┆ retention ┆ yes     ┆ 10       ┆ -        │
└──────────┴─────────────┴───────────┴─────────┴──────────┴──────────┘
