---
source: src/commands/artifact.rs
assertion_line: 1615
expression: table
---
┌────────────┬───────────────┬────────┬─────────┬──────────┐
│ NAME       ┆ REPOSITORY    ┆ FORMAT ┆ VERSION ┆ SIZE     │
╞════════════╪═══════════════╪════════╪═════════╪══════════╡
│ log4j-core ┆ maven-central ┆ maven  ┆ 2.17.1  ┆ 1.8 MB   │
│ express    ┆ npm-local     ┆ npm    ┆ 4.18.2  ┆ 200.0 KB │
└────────────┴───────────────┴────────┴─────────┴──────────┘
