---
source: src/commands/age_gate.rs
expression: table
---
┌──────────┬────────────┬──────────┬─────────┬─────────┬─────┬──────────────────────┐
│ ID       ┆ REPOSITORY ┆ PACKAGE  ┆ VERSION ┆ STATUS  ┆ REQ ┆ REQUESTED            │
╞══════════╪════════════╪══════════╪═════════╪═════════╪═════╪══════════════════════╡
│ 00000000 ┆ npm-proxy  ┆ left-pad ┆ 1.3.0   ┆ pending ┆ 5   ┆ 2026-07-01T12:00:00Z │
└──────────┴────────────┴──────────┴─────────┴─────────┴─────┴──────────────────────┘
