---
source: src/commands/admin.rs
assertion_line: 3120
expression: table
---
┌──────────┬──────────┬───────────────────┬──────────────┬───────┬────────┬──────┐
│ ID       ┆ USERNAME ┆ EMAIL             ┆ DISPLAY NAME ┆ ADMIN ┆ ACTIVE ┆ AUTH │
╞══════════╪══════════╪═══════════════════╪══════════════╪═══════╪════════╪══════╡
│ 00000000 ┆ alice    ┆ alice@example.com ┆ Alice Smith  ┆ yes   ┆ yes    ┆ -    │
└──────────┴──────────┴───────────────────┴──────────────┴───────┴────────┴──────┘
