---
source: src/commands/artifact.rs
assertion_line: 1579
expression: table
---
┌───────────────────────────────────────┬─────────┬─────────┬───────────┬────────────┐
│ PATH                                  ┆ VERSION ┆ SIZE    ┆ DOWNLOADS ┆ CREATED    │
╞═══════════════════════════════════════╪═════════╪═════════╪═══════════╪════════════╡
│ org/example/lib/1.0.0/lib-1.0.0.jar   ┆ 1.0.0   ┆ 2.5 MB  ┆ 150       ┆ 2026-01-15 │
│ com/mycompany/app/2.0.0/app-2.0.0.war ┆ 2.0.0   ┆ 45.3 MB ┆ 25        ┆ 2026-02-01 │
└───────────────────────────────────────┴─────────┴─────────┴───────────┴────────────┘
