---
source: src/commands/quality_gate.rs
assertion_line: 1204
expression: table
---
┌──────────┬───────────────┬────────┬─────────┬──────────┬──────────┐
│ ID       ┆ NAME          ┆ ACTION ┆ ENABLED ┆ MAX CRIT ┆ MAX HIGH │
╞══════════╪═══════════════╪════════╪═════════╪══════════╪══════════╡
│ 00000000 ┆ security-gate ┆ block  ┆ no      ┆ -        ┆ -        │
└──────────┴───────────────┴────────┴─────────┴──────────┴──────────┘
