---
source: src/commands/promotion.rs
assertion_line: 1107
expression: table
---
┌──────────┬─────────────────┬──────────┬──────────┬──────┬─────────┐
│ ID       ┆ NAME            ┆ SOURCE   ┆ TARGET   ┆ AUTO ┆ ENABLED │
╞══════════╪═════════════════╪══════════╪══════════╪══════╪═════════╡
│ 00000000 ┆ staging-to-prod ┆ 00000000 ┆ 00000000 ┆ no   ┆ yes     │
└──────────┴─────────────────┴──────────┴──────────┴──────┴─────────┘
